[univesp-frontend] Perfil local ativado: op
[univesp-frontend] Gerando build e iniciando preview local em http://localhost:8080/crm/
[univesp-frontend] Mantenha este terminal aberto durante a homologacao.

> univesp-frontend-prototype@0.0.0 build
> vite build --mode development

[36mvite v5.4.21 [32mbuilding for development...[36m[39m
transforming...
[32m✓[39m 116 modules transformed.
rendering chunks...
computing gzip size...
[2mdist/[22m[32mindex.html                                            [39m[1m[2m  0.92 kB[22m[1m[22m[2m │ gzip:  0.48 kB[22m
[2mdist/[22m[35munivesp-assets/LocalAccessPage-ewMFPcZg.css           [39m[1m[2m  5.60 kB[22m[1m[22m[2m │ gzip:  1.76 kB[22m
[2mdist/[22m[35munivesp-assets/LoginPage-Hu8_wtJn.css                 [39m[1m[2m  9.10 kB[22m[1m[22m[2m │ gzip:  2.52 kB[22m
[2mdist/[22m[35munivesp-assets/StudentWireframePage-CyXIISWs.css      [39m[1m[2m 12.76 kB[22m[1m[22m[2m │ gzip:  2.55 kB[22m
[2mdist/[22m[35munivesp-assets/index-pVP6ZGsN.css                     [39m[1m[2m 44.68 kB[22m[1m[22m[2m │ gzip:  8.92 kB[22m
[2mdist/[22m[36munivesp-assets/_plugin-vue_export-helper-DlAUqK2U.js  [39m[1m[2m  0.09 kB[22m[1m[22m[2m │ gzip:  0.10 kB[22m
[2mdist/[22m[36munivesp-assets/MetricCard-BkVwx8rs.js                 [39m[1m[2m  0.57 kB[22m[1m[22m[2m │ gzip:  0.37 kB[22m
[2mdist/[22m[36munivesp-assets/SlaBadge-CTTQcGw7.js                   [39m[1m[2m  0.62 kB[22m[1m[22m[2m │ gzip:  0.41 kB[22m
[2mdist/[22m[36munivesp-assets/ActionTile-DvCiyiLR.js                 [39m[1m[2m  0.64 kB[22m[1m[22m[2m │ gzip:  0.38 kB[22m
[2mdist/[22m[36munivesp-assets/SectionPanel-88V9iXgx.js               [39m[1m[2m  0.82 kB[22m[1m[22m[2m │ gzip:  0.48 kB[22m
[2mdist/[22m[36munivesp-assets/StatusBadge-D8FI2FgB.js                [39m[1m[2m  1.08 kB[22m[1m[22m[2m │ gzip:  0.48 kB[22m
[2mdist/[22m[36munivesp-assets/StudentStageLayout-MkPt0yTR.js         [39m[1m[2m  3.00 kB[22m[1m[22m[2m │ gzip:  1.33 kB[22m
[2mdist/[22m[36munivesp-assets/HandoffPage-GG_bT0rJ.js                [39m[1m[2m  3.05 kB[22m[1m[22m[2m │ gzip:  1.32 kB[22m
[2mdist/[22m[36munivesp-assets/LocalAccessPage-CEgUeohx.js            [39m[1m[2m  3.36 kB[22m[1m[22m[2m │ gzip:  1.53 kB[22m
[2mdist/[22m[36munivesp-assets/runtimeRepositories-CmJlcqdP.js        [39m[1m[2m  3.60 kB[22m[1m[22m[2m │ gzip:  1.35 kB[22m
[2mdist/[22m[36munivesp-assets/TicketPage-DJx1WVDw.js                 [39m[1m[2m  3.83 kB[22m[1m[22m[2m │ gzip:  1.70 kB[22m
[2mdist/[22m[36munivesp-assets/LoginPage-DvRTe2jp.js                  [39m[1m[2m  4.09 kB[22m[1m[22m[2m │ gzip:  1.71 kB[22m
[2mdist/[22m[36munivesp-assets/StudentConfirmationPage-DFDXbCar.js    [39m[1m[2m  4.62 kB[22m[1m[22m[2m │ gzip:  1.81 kB[22m
[2mdist/[22m[36munivesp-assets/personas-CWKxaFjQ.js                   [39m[1m[2m  5.01 kB[22m[1m[22m[2m │ gzip:  1.89 kB[22m
[2mdist/[22m[36munivesp-assets/TriagePage-rVqDMQtY.js                 [39m[1m[2m  5.14 kB[22m[1m[22m[2m │ gzip:  2.02 kB[22m
[2mdist/[22m[36munivesp-assets/StudentHomePage-Cv0XtWfR.js            [39m[1m[2m  5.84 kB[22m[1m[22m[2m │ gzip:  2.12 kB[22m
[2mdist/[22m[36munivesp-assets/OverviewPage-l7p-dmMB.js               [39m[1m[2m  6.68 kB[22m[1m[22m[2m │ gzip:  2.57 kB[22m
[2mdist/[22m[36munivesp-assets/faqRuntime-DLS72Uf3.js                 [39m[1m[2m  7.35 kB[22m[1m[22m[2m │ gzip:  2.69 kB[22m
[2mdist/[22m[36munivesp-assets/AdminVersioningPage-WJqt1Ul6.js        [39m[1m[2m  8.12 kB[22m[1m[22m[2m │ gzip:  2.74 kB[22m
[2mdist/[22m[36munivesp-assets/StudentProtocolPage-O7T3sulE.js        [39m[1m[2m  9.11 kB[22m[1m[22m[2m │ gzip:  3.07 kB[22m
[2mdist/[22m[36munivesp-assets/StudentJourneyPage-DugS7drv.js         [39m[1m[2m  9.42 kB[22m[1m[22m[2m │ gzip:  3.17 kB[22m
[2mdist/[22m[36munivesp-assets/StudentRequestDetailPage-CrVCHRPV.js   [39m[1m[2m 10.86 kB[22m[1m[22m[2m │ gzip:  3.53 kB[22m
[2mdist/[22m[36munivesp-assets/AreaManagerHomePage-C-LL0gqt.js        [39m[1m[2m 10.92 kB[22m[1m[22m[2m │ gzip:  3.03 kB[22m
[2mdist/[22m[36munivesp-assets/AreaKnowledgeReviewPage-C9vLHu1k.js    [39m[1m[2m 11.08 kB[22m[1m[22m[2m │ gzip:  3.33 kB[22m
[2mdist/[22m[36munivesp-assets/IntegrationsPage-CTf5zghJ.js           [39m[1m[2m 11.26 kB[22m[1m[22m[2m │ gzip:  3.20 kB[22m
[2mdist/[22m[36munivesp-assets/StudentRequestsPage-DVV1Ocjf.js        [39m[1m[2m 11.28 kB[22m[1m[22m[2m │ gzip:  3.42 kB[22m
[2mdist/[22m[36munivesp-assets/AdminDashboardPage-BXBWhLUm.js         [39m[1m[2m 11.39 kB[22m[1m[22m[2m │ gzip:  3.21 kB[22m
[2mdist/[22m[36munivesp-assets/OperatorGuidancePage-_3gLsDMe.js       [39m[1m[2m 11.81 kB[22m[1m[22m[2m │ gzip:  3.68 kB[22m
[2mdist/[22m[36munivesp-assets/AreaGuidancePage-DHDa8Txb.js           [39m[1m[2m 13.19 kB[22m[1m[22m[2m │ gzip:  4.24 kB[22m
[2mdist/[22m[36munivesp-assets/AreaGovernancePage-Dm6zBtOJ.js         [39m[1m[2m 14.17 kB[22m[1m[22m[2m │ gzip:  4.07 kB[22m
[2mdist/[22m[36munivesp-assets/AreaQueuePage-SON8bxkW.js              [39m[1m[2m 19.82 kB[22m[1m[22m[2m │ gzip:  5.59 kB[22m
[2mdist/[22m[36munivesp-assets/OperatorCaseDetailPage-BAi-TeWm.js     [39m[1m[2m 23.62 kB[22m[1m[22m[2m │ gzip:  6.68 kB[22m
[2mdist/[22m[36munivesp-assets/AdminParametersPage-hDoH-gfw.js        [39m[1m[2m 25.25 kB[22m[1m[22m[2m │ gzip:  6.27 kB[22m
[2mdist/[22m[36munivesp-assets/StudentWireframePage-CuhJnD0q.js       [39m[1m[2m 25.62 kB[22m[1m[22m[2m │ gzip:  5.39 kB[22m
[2mdist/[22m[36munivesp-assets/AdminFaqPage-BRrQav5w.js               [39m[1m[2m 25.85 kB[22m[1m[22m[2m │ gzip:  6.35 kB[22m
[2mdist/[22m[36munivesp-assets/AdminPermissionsPage-BRfKcC4G.js       [39m[1m[2m 26.64 kB[22m[1m[22m[2m │ gzip:  7.06 kB[22m
[2mdist/[22m[36munivesp-assets/OperatorPlaybookPage-x6GCqc_i.js       [39m[1m[2m 27.12 kB[22m[1m[22m[2m │ gzip:  7.17 kB[22m
[2mdist/[22m[36munivesp-assets/OperatorQueuePage-HwpalvFI.js          [39m[1m[2m 28.87 kB[22m[1m[22m[2m │ gzip:  6.80 kB[22m
[2mdist/[22m[36munivesp-assets/AreaCaseDetailPage-LdL3L-mI.js         [39m[1m[2m 28.93 kB[22m[1m[22m[2m │ gzip:  7.67 kB[22m
[2mdist/[22m[36munivesp-assets/faqCatalogs-CnzAwOTt.js                [39m[1m[2m 34.32 kB[22m[1m[22m[2m │ gzip:  5.13 kB[22m
[2mdist/[22m[36munivesp-assets/operations-DO4wuRCg.js                 [39m[1m[2m 49.25 kB[22m[1m[22m[2m │ gzip:  8.96 kB[22m
[2mdist/[22m[36munivesp-assets/operatorQueueRuntime-wOey59u-.js       [39m[1m[2m 60.10 kB[22m[1m[22m[2m │ gzip: 16.19 kB[22m
[2mdist/[22m[36munivesp-assets/studentSupport-B28mdwvG.js             [39m[1m[2m 96.97 kB[22m[1m[22m[2m │ gzip: 24.03 kB[22m
[2mdist/[22m[36munivesp-assets/index-De445H5u.js                      [39m[1m[2m169.10 kB[22m[1m[22m[2m │ gzip: 60.09 kB[22m
[32m✓ built in 4.51s[39m
[univesp-frontend] Build concluido. Servindo dist local em http://localhost:8080/crm/
